// Jest Snapshot v1, https://goo.gl/fbAQLP

exports[`Login renders 1`] = `
<div>
  <div
    className="sc-bwzfXH gZvuZl"
  >
    <img
      alt="logo"
      height="180"
      src="quikLogo.png"
      width="275"
    />
  </div>
  <div
    className="sc-bdVaJa fKOCmO"
  >
    <h3
      style={
        Object {
          "textAlign": "center",
        }
      }
    >
      Login
    </h3>
    <form
      noValidate={true}
      onSubmit={[Function]}
    >
      <div
        className="MuiFormControl-root MuiTextField-root invalid MuiFormControl-fullWidth"
      >
        <label
          className="MuiFormLabel-root MuiInputLabel-root MuiInputLabel-formControl MuiInputLabel-animated Mui-error Mui-error"
          data-shrink={false}
          htmlFor="email"
          id="email-label"
        >
          Email
        </label>
        <div
          className="MuiInputBase-root MuiInput-root MuiInput-underline Mui-error Mui-error MuiInputBase-fullWidth MuiInput-fullWidth MuiInputBase-formControl MuiInput-formControl"
          onClick={[Function]}
        >
          <input
            aria-invalid={true}
            autoFocus={false}
            className="MuiInputBase-input MuiInput-input"
            disabled={false}
            id="email"
            onAnimationStart={[Function]}
            onBlur={[Function]}
            onChange={[Function]}
            onFocus={[Function]}
            required={false}
            type="email"
            value=""
          />
        </div>
      </div>
      <span />
      <br />
      <div
        className="MuiFormControl-root MuiTextField-root invalid MuiFormControl-fullWidth"
      >
        <label
          className="MuiFormLabel-root MuiInputLabel-root MuiInputLabel-formControl MuiInputLabel-animated Mui-error Mui-error"
          data-shrink={false}
          htmlFor="password"
          id="password-label"
        >
          Password
        </label>
        <div
          className="MuiInputBase-root MuiInput-root MuiInput-underline Mui-error Mui-error MuiInputBase-fullWidth MuiInput-fullWidth MuiInputBase-formControl MuiInput-formControl"
          onClick={[Function]}
        >
          <input
            aria-invalid={true}
            autoFocus={false}
            className="MuiInputBase-input MuiInput-input"
            disabled={false}
            id="password"
            onAnimationStart={[Function]}
            onBlur={[Function]}
            onChange={[Function]}
            onFocus={[Function]}
            required={false}
            type="password"
            value=""
          />
        </div>
      </div>
      <span />
      <p>
        Dont have an account? 
        <a
          href="/register"
          onClick={[Function]}
        >
          Register
        </a>
      </p>
      <div>
        <button
          className="MuiButtonBase-root MuiButton-root MuiButton-contained MuiButton-containedPrimary MuiButton-fullWidth"
          disabled={false}
          onBlur={[Function]}
          onDragLeave={[Function]}
          onFocus={[Function]}
          onKeyDown={[Function]}
          onKeyUp={[Function]}
          onMouseDown={[Function]}
          onMouseLeave={[Function]}
          onMouseUp={[Function]}
          onTouchEnd={[Function]}
          onTouchMove={[Function]}
          onTouchStart={[Function]}
          tabIndex={0}
          type="submit"
        >
          <span
            className="MuiButton-label"
          >
            Login
          </span>
        </button>
      </div>
    </form>
  </div>
</div>
`;
