// Jest Snapshot v1, https://goo.gl/fbAQLP

exports[`<SignedIn /> should render 1`] = `"<div class=\\"MuiToolbar-root MuiToolbar-regular MuiToolbar-gutters\\"><a id=\\"add-item\\" class=\\"sc-ifAKCX joNUkC\\" href=\\"/\\">Add Item</a><a id=\\"products\\" class=\\"sc-ifAKCX joNUkC\\" href=\\"/products\\">Products</a><a id=\\"profile\\" class=\\"sc-ifAKCX joNUkC\\" href=\\"/profile/5de9ae93f3321a2d53b485ab\\"><div class=\\"MuiAvatar-root MuiAvatar-circle\\"><img src=\\"https://icon-library.net/images/default-profile-icon/default-profile-icon-24.jpg\\" class=\\"MuiAvatar-img\\"></div> </a><a id=\\"sign-out\\" class=\\"sc-ifAKCX joNUkC\\" href=\\"/\\">Sign Out</a></div>"`;
