// Jest Snapshot v1, https://goo.gl/fbAQLP

exports[`SignedIn render SignedIn 1`] = `
<div
  className="MuiToolbar-root MuiToolbar-regular MuiToolbar-gutters"
>
  <a
    className="sc-ifAKCX joNUkC"
    href="/"
    onClick={[Function]}
  >
    Add Item
  </a>
  <a
    className="sc-ifAKCX joNUkC"
    href="/products"
    onClick={[Function]}
  >
    Products
  </a>
  <a
    className="sc-ifAKCX joNUkC"
    href="/profile/undefined"
    onClick={[Function]}
  >
    <div
      className="MuiAvatar-root MuiAvatar-circle"
    >
      <img
        className="MuiAvatar-img"
        src="https://avatars1.githubusercontent.com/u/619960?s=460&v=4"
      />
    </div>
     
  </a>
  <a
    className="sc-ifAKCX joNUkC"
    href="/"
    onClick={[Function]}
  >
    Sign Out
  </a>
</div>
`;
