// Jest Snapshot v1, https://goo.gl/fbAQLP

exports[`Register renders 1`] = `
<div>
  <a
    href="/"
    onClick={[Function]}
  >
     Back to home
  </a>
  <br />
  <div
    className="sc-bwzfXH gZvuZl"
  >
    <img
      alt="logo"
      height="180"
      src="quikLogo.png"
      width="275"
    />
  </div>
  <div
    className="sc-bdVaJa fKOCmO"
  >
    <h2>
      New User? Register below:
    </h2>
    <p>
      Already have an account? 
      <a
        href="/login"
        onClick={[Function]}
      >
        Log in
      </a>
    </p>
    <form
      noValidate={true}
      onSubmit={[Function]}
    >
      <span
        className="p-float-label"
      >
        <input
          className="p-inputtext p-component"
          error=""
          id="name"
          onChange={[Function]}
          onInput={[Function]}
          onKeyPress={[Function]}
          size="35"
          type="text"
          value=""
        />
        <span>
          
        </span>
        <label
          htmlFor="name"
        >
          Name
        </label>
      </span>
      <br />
      <span
        className="p-float-label"
      >
        <input
          className="p-inputtext p-component"
          error=""
          id="email"
          onChange={[Function]}
          onInput={[Function]}
          onKeyPress={[Function]}
          size="35"
          type="email"
          value=""
        />
        <span>
          
        </span>
        <label
          htmlFor="email"
        >
          Email
        </label>
      </span>
      <br />
      <span
        className="p-float-label"
      >
        <input
          className="p-inputtext p-component"
          error=""
          id="password"
          onChange={[Function]}
          onInput={[Function]}
          onKeyPress={[Function]}
          size="35"
          type="password"
          value=""
        />
        <span>
          
        </span>
        <label
          htmlFor="password"
        >
          Password
        </label>
      </span>
      <br />
      <span
        className="p-float-label"
      >
        <input
          className="p-inputtext p-component"
          error=""
          id="password2"
          onChange={[Function]}
          onInput={[Function]}
          onKeyPress={[Function]}
          size="35"
          type="password"
          value=""
        />
        <label
          htmlFor="password2"
        >
          Confirm Password
        </label>
      </span>
      <br />
      <div>
        <button
          className="p-button p-component p-button-rounded p-button-text-only"
          type="submit"
        >
          <span
            className="p-button-text p-c"
          >
            Sign Up
          </span>
        </button>
      </div>
    </form>
  </div>
</div>
`;
