// Jest Snapshot v1, https://goo.gl/fbAQLP

exports[`Homepage renders 1`] = `
<div>
  <div
    className="sc-bdVaJa cFeHto"
  >
    <img
      alt="logo"
      src="quikLogo.png"
    />
    <div>
      <a
        href="/register"
        onClick={[Function]}
      >
        <button
          className="sc-bwzfXH bsfzSS"
        >
           Register 
        </button>
      </a>
      <a
        href="/login"
        onClick={[Function]}
      >
        <button
          className="sc-bwzfXH bsfzSS"
        >
           Log In 
        </button>
      </a>
    </div>
  </div>
</div>
`;
