// Jest Snapshot v1, https://goo.gl/fbAQLP

exports[`ProductCard should render a ProductCard 1`] = `
<div
  className="MuiPaper-root MuiPaper-elevation1 MuiCard-root sc-htpNat eDgLaq MuiPaper-rounded"
>
  <div
    className="MuiCardMedia-root sc-bxivhb gVKxpq"
    style={
      Object {
        "backgroundImage": "url(\\"https://upload.wikimedia.org/wikipedia/commons/thumb/f/fc/No_picture_available.png/602px-No_picture_available.png\\")",
      }
    }
    title="image"
  />
  <div
    className="MuiCardContent-root sc-ifAKCX hCIaTb"
  >
    <div>
      <div
        className="sc-bdVaJa hPftyW"
      >
        <h6
          className="MuiTypography-root MuiTypography-h6"
        />
        <p
          className="MuiTypography-root MuiTypography-body2"
        >
          <span
            style={
              Object {
                "color": "#4caf50",
                "fontWeight": 600,
              }
            }
          >
            You own this item
          </span>
        </p>
      </div>
      <p
        className="sc-bwzfXH qHaOC"
      />
    </div>
    <div
      className="sc-bdVaJa hPftyW"
    >
      <button
        className="MuiButtonBase-root MuiButton-root MuiButton-outlined"
        disabled={false}
        onBlur={[Function]}
        onDragLeave={[Function]}
        onFocus={[Function]}
        onKeyDown={[Function]}
        onKeyUp={[Function]}
        onMouseDown={[Function]}
        onMouseLeave={[Function]}
        onMouseUp={[Function]}
        onTouchEnd={[Function]}
        onTouchMove={[Function]}
        onTouchStart={[Function]}
        tabIndex={0}
        type="button"
      >
        <span
          className="MuiButton-label"
        >
          Get Notified
        </span>
      </button>
      <button
        className="MuiButtonBase-root MuiButton-root MuiButton-outlined"
        disabled={false}
        onBlur={[Function]}
        onClick={[Function]}
        onDragLeave={[Function]}
        onFocus={[Function]}
        onKeyDown={[Function]}
        onKeyUp={[Function]}
        onMouseDown={[Function]}
        onMouseLeave={[Function]}
        onMouseUp={[Function]}
        onTouchEnd={[Function]}
        onTouchMove={[Function]}
        onTouchStart={[Function]}
        tabIndex={0}
        type="button"
      >
        <span
          className="MuiButton-label"
        >
          Details
        </span>
      </button>
    </div>
  </div>
</div>
`;
