// Jest Snapshot v1, https://goo.gl/fbAQLP

exports[`ProductList should render ProductList with given Redux state 1`] = `
<div
  style={
    Object {
      "display": "flex",
      "justifyContent": "center",
      "marginTop": "60px",
      "width": "100%",
    }
  }
>
  <div
    style={
      Object {
        "maxWidth": "1000px",
        "width": "100%",
      }
    }
  >
    <div
      className="sc-bZQynM gJmhNi"
    >
      <h4
        className="MuiTypography-root MuiTypography-h4"
      >
        0
         Products
      </h4>
      <div
        className="MuiButtonGroup-root"
        role="group"
      >
        <button
          className="MuiButtonBase-root MuiIconButton-root MuiButtonGroup-grouped MuiButtonGroup-groupedOutlined MuiButtonGroup-groupedOutlined Mui-disabled Mui-disabled"
          disabled={true}
          fullWidth={false}
          onBlur={[Function]}
          onClick={[Function]}
          onDragLeave={[Function]}
          onFocus={[Function]}
          onKeyDown={[Function]}
          onKeyUp={[Function]}
          onMouseDown={[Function]}
          onMouseLeave={[Function]}
          onMouseUp={[Function]}
          onTouchEnd={[Function]}
          onTouchMove={[Function]}
          onTouchStart={[Function]}
          tabIndex={-1}
          type="button"
          variant="outlined"
        >
          <span
            className="MuiIconButton-label"
          >
            <svg
              aria-hidden="true"
              className="MuiSvgIcon-root"
              focusable="false"
              role="presentation"
              viewBox="0 0 24 24"
            >
              <path
                d="M20 11H7.83l5.59-5.59L12 4l-8 8 8 8 1.41-1.41L7.83 13H20v-2z"
              />
            </svg>
          </span>
        </button>
        <button
          className="MuiButtonBase-root MuiButton-root MuiButton-text MuiButtonGroup-grouped MuiButtonGroup-groupedOutlined MuiButtonGroup-groupedOutlined Mui-disabled Mui-disabled"
          disabled={true}
          onBlur={[Function]}
          onDragLeave={[Function]}
          onFocus={[Function]}
          onKeyDown={[Function]}
          onKeyUp={[Function]}
          onMouseDown={[Function]}
          onMouseLeave={[Function]}
          onMouseUp={[Function]}
          onTouchEnd={[Function]}
          onTouchMove={[Function]}
          onTouchStart={[Function]}
          tabIndex={-1}
          type="button"
        >
          <span
            className="MuiButton-label"
          >
            1
            /
            0
          </span>
        </button>
        <button
          className="MuiButtonBase-root MuiIconButton-root MuiButtonGroup-grouped MuiButtonGroup-groupedOutlined MuiButtonGroup-groupedOutlined"
          disabled={false}
          fullWidth={false}
          onBlur={[Function]}
          onClick={[Function]}
          onDragLeave={[Function]}
          onFocus={[Function]}
          onKeyDown={[Function]}
          onKeyUp={[Function]}
          onMouseDown={[Function]}
          onMouseLeave={[Function]}
          onMouseUp={[Function]}
          onTouchEnd={[Function]}
          onTouchMove={[Function]}
          onTouchStart={[Function]}
          tabIndex={0}
          type="button"
          variant="outlined"
        >
          <span
            className="MuiIconButton-label"
          >
            <svg
              aria-hidden="true"
              className="MuiSvgIcon-root"
              focusable="false"
              role="presentation"
              viewBox="0 0 24 24"
            >
              <path
                d="M12 4l-1.41 1.41L16.17 11H4v2h12.17l-5.58 5.59L12 20l8-8z"
              />
            </svg>
          </span>
        </button>
      </div>
    </div>
    <ul
      className="sc-EHOje fJblyY"
    />
    <form
      noValidate={true}
      onSubmit={[Function]}
    >
      <div
        className="MuiFormControl-root MuiTextField-root"
      >
        <label
          className="MuiFormLabel-root MuiInputLabel-root MuiInputLabel-formControl MuiInputLabel-animated"
          data-shrink={false}
          htmlFor="query"
          id="query-label"
        >
          Search Query
        </label>
        <div
          className="MuiInputBase-root MuiInput-root MuiInput-underline MuiInputBase-formControl MuiInput-formControl"
          onClick={[Function]}
        >
          <input
            aria-invalid={false}
            autoFocus={false}
            className="MuiInputBase-input MuiInput-input"
            disabled={false}
            id="query"
            onAnimationStart={[Function]}
            onBlur={[Function]}
            onChange={[Function]}
            onFocus={[Function]}
            required={false}
            type="text"
            value=""
          />
        </div>
      </div>
    </form>
  </div>
</div>
`;
