// Jest Snapshot v1, https://goo.gl/fbAQLP

exports[`Product Detail renders 1`] = `
<div
  className="MuiContainer-root MuiContainer-maxWidthLg"
>
  <div
    className="MuiPaper-root MuiPaper-elevation1 MuiCard-root sc-bdVaJa jFJDry MuiPaper-rounded"
  >
    <div
      className="MuiCardMedia-root sc-bwzfXH fQtfNt"
      style={
        Object {
          "backgroundImage": "url(\\"https://patch.com/img/cdn/users/1142384/2013/09/raw/77d3e8242e7562885116ebff68689271.jpg\\")",
        }
      }
    />
    <div
      className="sc-htpNat fNviHe"
    >
      <div
        className="sc-ifAKCX fOGIFb"
      >
        <h4
          className="MuiTypography-root MuiTypography-h4"
        >
          test
        </h4>
        <p
          className="MuiTypography-root MuiTypography-body1"
        >
          <span
            style={
              Object {
                "color": "grey",
              }
            }
          >
            By: 
            user
          </span>
        </p>
      </div>
      <div
        className="sc-ifAKCX fOGIFb"
      >
        <h6
          className="MuiTypography-root MuiTypography-h6"
        >
          <span
            style={
              Object {
                "color": "#FFD700",
              }
            }
          >
            Price: 
            $100
          </span>
        </h6>
        <span
          aria-label={null}
          className="MuiRating-root MuiRating-sizeSmall"
          onMouseLeave={[Function]}
          onMouseMove={[Function]}
          role={null}
        >
          <span
            className="MuiRating-decimal"
          >
            <label
              className="MuiRating-label"
              htmlFor="half-rating-0-5"
            >
              <span
                className="MuiRating-icon MuiRating-iconFilled"
                style={
                  Object {
                    "overflow": "hidden",
                    "position": "absolute",
                    "width": "0%",
                    "zIndex": 1,
                  }
                }
              >
                <svg
                  aria-hidden="true"
                  className="MuiSvgIcon-root MuiSvgIcon-fontSizeInherit"
                  focusable="false"
                  role="presentation"
                  viewBox="0 0 24 24"
                >
                  <path
                    d="M12 17.27L18.18 21l-1.64-7.03L22 9.24l-7.19-.61L12 2 9.19 8.63 2 9.24l5.46 4.73L5.82 21z"
                  />
                </svg>
              </span>
              <span
                className="MuiRating-visuallyhidden"
              >
                0.5 Stars
              </span>
            </label>
            <input
              checked={false}
              className="MuiRating-visuallyhidden"
              id="half-rating-0-5"
              name="half-rating"
              onBlur={[Function]}
              onChange={[Function]}
              onFocus={[Function]}
              type="radio"
              value={0.5}
            />
            <label
              className="MuiRating-label"
              htmlFor="half-rating-1"
            >
              <span
                className="MuiRating-icon MuiRating-iconFilled"
                style={Object {}}
              >
                <svg
                  aria-hidden="true"
                  className="MuiSvgIcon-root MuiSvgIcon-fontSizeInherit"
                  focusable="false"
                  role="presentation"
                  viewBox="0 0 24 24"
                >
                  <path
                    d="M12 17.27L18.18 21l-1.64-7.03L22 9.24l-7.19-.61L12 2 9.19 8.63 2 9.24l5.46 4.73L5.82 21z"
                  />
                </svg>
              </span>
              <span
                className="MuiRating-visuallyhidden"
              >
                1 Star
              </span>
            </label>
            <input
              checked={false}
              className="MuiRating-visuallyhidden"
              id="half-rating-1"
              name="half-rating"
              onBlur={[Function]}
              onChange={[Function]}
              onFocus={[Function]}
              type="radio"
              value={1}
            />
          </span>
          <span
            className="MuiRating-decimal"
          >
            <label
              className="MuiRating-label"
              htmlFor="half-rating-1-5"
            >
              <span
                className="MuiRating-icon MuiRating-iconFilled"
                style={
                  Object {
                    "overflow": "hidden",
                    "position": "absolute",
                    "width": "0%",
                    "zIndex": 1,
                  }
                }
              >
                <svg
                  aria-hidden="true"
                  className="MuiSvgIcon-root MuiSvgIcon-fontSizeInherit"
                  focusable="false"
                  role="presentation"
                  viewBox="0 0 24 24"
                >
                  <path
                    d="M12 17.27L18.18 21l-1.64-7.03L22 9.24l-7.19-.61L12 2 9.19 8.63 2 9.24l5.46 4.73L5.82 21z"
                  />
                </svg>
              </span>
              <span
                className="MuiRating-visuallyhidden"
              >
                1.5 Stars
              </span>
            </label>
            <input
              checked={false}
              className="MuiRating-visuallyhidden"
              id="half-rating-1-5"
              name="half-rating"
              onBlur={[Function]}
              onChange={[Function]}
              onFocus={[Function]}
              type="radio"
              value={1.5}
            />
            <label
              className="MuiRating-label"
              htmlFor="half-rating-2"
            >
              <span
                className="MuiRating-icon MuiRating-iconFilled"
                style={Object {}}
              >
                <svg
                  aria-hidden="true"
                  className="MuiSvgIcon-root MuiSvgIcon-fontSizeInherit"
                  focusable="false"
                  role="presentation"
                  viewBox="0 0 24 24"
                >
                  <path
                    d="M12 17.27L18.18 21l-1.64-7.03L22 9.24l-7.19-.61L12 2 9.19 8.63 2 9.24l5.46 4.73L5.82 21z"
                  />
                </svg>
              </span>
              <span
                className="MuiRating-visuallyhidden"
              >
                2 Stars
              </span>
            </label>
            <input
              checked={false}
              className="MuiRating-visuallyhidden"
              id="half-rating-2"
              name="half-rating"
              onBlur={[Function]}
              onChange={[Function]}
              onFocus={[Function]}
              type="radio"
              value={2}
            />
          </span>
          <span
            className="MuiRating-decimal"
          >
            <label
              className="MuiRating-label"
              htmlFor="half-rating-2-5"
            >
              <span
                className="MuiRating-icon MuiRating-iconFilled"
                style={
                  Object {
                    "overflow": "hidden",
                    "position": "absolute",
                    "width": "50%",
                    "zIndex": 1,
                  }
                }
              >
                <svg
                  aria-hidden="true"
                  className="MuiSvgIcon-root MuiSvgIcon-fontSizeInherit"
                  focusable="false"
                  role="presentation"
                  viewBox="0 0 24 24"
                >
                  <path
                    d="M12 17.27L18.18 21l-1.64-7.03L22 9.24l-7.19-.61L12 2 9.19 8.63 2 9.24l5.46 4.73L5.82 21z"
                  />
                </svg>
              </span>
              <span
                className="MuiRating-visuallyhidden"
              >
                2.5 Stars
              </span>
            </label>
            <input
              checked={true}
              className="MuiRating-visuallyhidden"
              id="half-rating-2-5"
              name="half-rating"
              onBlur={[Function]}
              onChange={[Function]}
              onFocus={[Function]}
              type="radio"
              value={2.5}
            />
            <label
              className="MuiRating-label"
              htmlFor="half-rating-3"
            >
              <span
                className="MuiRating-icon MuiRating-iconEmpty"
                style={Object {}}
              >
                <svg
                  aria-hidden="true"
                  className="MuiSvgIcon-root MuiSvgIcon-fontSizeInherit"
                  focusable="false"
                  role="presentation"
                  viewBox="0 0 24 24"
                >
                  <path
                    d="M12 17.27L18.18 21l-1.64-7.03L22 9.24l-7.19-.61L12 2 9.19 8.63 2 9.24l5.46 4.73L5.82 21z"
                  />
                </svg>
              </span>
              <span
                className="MuiRating-visuallyhidden"
              >
                3 Stars
              </span>
            </label>
            <input
              checked={false}
              className="MuiRating-visuallyhidden"
              id="half-rating-3"
              name="half-rating"
              onBlur={[Function]}
              onChange={[Function]}
              onFocus={[Function]}
              type="radio"
              value={3}
            />
          </span>
          <span
            className="MuiRating-decimal"
          >
            <label
              className="MuiRating-label"
              htmlFor="half-rating-3-5"
            >
              <span
                className="MuiRating-icon MuiRating-iconEmpty"
                style={
                  Object {
                    "overflow": "hidden",
                    "position": "absolute",
                    "width": "0%",
                    "zIndex": 1,
                  }
                }
              >
                <svg
                  aria-hidden="true"
                  className="MuiSvgIcon-root MuiSvgIcon-fontSizeInherit"
                  focusable="false"
                  role="presentation"
                  viewBox="0 0 24 24"
                >
                  <path
                    d="M12 17.27L18.18 21l-1.64-7.03L22 9.24l-7.19-.61L12 2 9.19 8.63 2 9.24l5.46 4.73L5.82 21z"
                  />
                </svg>
              </span>
              <span
                className="MuiRating-visuallyhidden"
              >
                3.5 Stars
              </span>
            </label>
            <input
              checked={false}
              className="MuiRating-visuallyhidden"
              id="half-rating-3-5"
              name="half-rating"
              onBlur={[Function]}
              onChange={[Function]}
              onFocus={[Function]}
              type="radio"
              value={3.5}
            />
            <label
              className="MuiRating-label"
              htmlFor="half-rating-4"
            >
              <span
                className="MuiRating-icon MuiRating-iconEmpty"
                style={Object {}}
              >
                <svg
                  aria-hidden="true"
                  className="MuiSvgIcon-root MuiSvgIcon-fontSizeInherit"
                  focusable="false"
                  role="presentation"
                  viewBox="0 0 24 24"
                >
                  <path
                    d="M12 17.27L18.18 21l-1.64-7.03L22 9.24l-7.19-.61L12 2 9.19 8.63 2 9.24l5.46 4.73L5.82 21z"
                  />
                </svg>
              </span>
              <span
                className="MuiRating-visuallyhidden"
              >
                4 Stars
              </span>
            </label>
            <input
              checked={false}
              className="MuiRating-visuallyhidden"
              id="half-rating-4"
              name="half-rating"
              onBlur={[Function]}
              onChange={[Function]}
              onFocus={[Function]}
              type="radio"
              value={4}
            />
          </span>
          <span
            className="MuiRating-decimal"
          >
            <label
              className="MuiRating-label"
              htmlFor="half-rating-4-5"
            >
              <span
                className="MuiRating-icon MuiRating-iconEmpty"
                style={
                  Object {
                    "overflow": "hidden",
                    "position": "absolute",
                    "width": "0%",
                    "zIndex": 1,
                  }
                }
              >
                <svg
                  aria-hidden="true"
                  className="MuiSvgIcon-root MuiSvgIcon-fontSizeInherit"
                  focusable="false"
                  role="presentation"
                  viewBox="0 0 24 24"
                >
                  <path
                    d="M12 17.27L18.18 21l-1.64-7.03L22 9.24l-7.19-.61L12 2 9.19 8.63 2 9.24l5.46 4.73L5.82 21z"
                  />
                </svg>
              </span>
              <span
                className="MuiRating-visuallyhidden"
              >
                4.5 Stars
              </span>
            </label>
            <input
              checked={false}
              className="MuiRating-visuallyhidden"
              id="half-rating-4-5"
              name="half-rating"
              onBlur={[Function]}
              onChange={[Function]}
              onFocus={[Function]}
              type="radio"
              value={4.5}
            />
            <label
              className="MuiRating-label"
              htmlFor="half-rating-5"
            >
              <span
                className="MuiRating-icon MuiRating-iconEmpty"
                style={Object {}}
              >
                <svg
                  aria-hidden="true"
                  className="MuiSvgIcon-root MuiSvgIcon-fontSizeInherit"
                  focusable="false"
                  role="presentation"
                  viewBox="0 0 24 24"
                >
                  <path
                    d="M12 17.27L18.18 21l-1.64-7.03L22 9.24l-7.19-.61L12 2 9.19 8.63 2 9.24l5.46 4.73L5.82 21z"
                  />
                </svg>
              </span>
              <span
                className="MuiRating-visuallyhidden"
              >
                5 Stars
              </span>
            </label>
            <input
              checked={false}
              className="MuiRating-visuallyhidden"
              id="half-rating-5"
              name="half-rating"
              onBlur={[Function]}
              onChange={[Function]}
              onFocus={[Function]}
              type="radio"
              value={5}
            />
          </span>
        </span>
      </div>
      <div
        style={
          Object {
            "marginTop": "30px",
          }
        }
      >
        <h5
          className="MuiTypography-root MuiTypography-h5"
        >
          <span
            style={
              Object {
                "color": "grey",
              }
            }
          >
            Description
          </span>
        </h5>
        <p
          className="MuiTypography-root MuiTypography-body1"
        >
          desc
        </p>
      </div>
      <div
        style={
          Object {
            "marginTop": "30px",
          }
        }
      >
        <h5
          className="MuiTypography-root MuiTypography-h5"
        >
          <span
            style={
              Object {
                "color": "grey",
              }
            }
          >
            Availability
          </span>
        </h5>
        <p
          className="MuiTypography-root MuiTypography-body1"
        >
          <span>
            Unavailable (currently being lended out)
          </span>
        </p>
      </div>
      <div
        style={
          Object {
            "marginTop": "30px",
          }
        }
      >
        <div
          className="sc-ifAKCX fOGIFb"
        >
          <button
            className="MuiButtonBase-root MuiButton-root MuiButton-contained MuiButton-containedPrimary Mui-disabled Mui-disabled"
            disabled={true}
            onBlur={[Function]}
            onDragLeave={[Function]}
            onFocus={[Function]}
            onKeyDown={[Function]}
            onKeyUp={[Function]}
            onMouseDown={[Function]}
            onMouseLeave={[Function]}
            onMouseUp={[Function]}
            onTouchEnd={[Function]}
            onTouchMove={[Function]}
            onTouchStart={[Function]}
            tabIndex={-1}
            type="button"
          >
            <span
              className="MuiButton-label"
            >
              Add to Cart
            </span>
          </button>
          <button
            className="MuiButtonBase-root MuiButton-root MuiButton-contained MuiButton-containedPrimary"
            disabled={false}
            onBlur={[Function]}
            onDragLeave={[Function]}
            onFocus={[Function]}
            onKeyDown={[Function]}
            onKeyUp={[Function]}
            onMouseDown={[Function]}
            onMouseLeave={[Function]}
            onMouseUp={[Function]}
            onTouchEnd={[Function]}
            onTouchMove={[Function]}
            onTouchStart={[Function]}
            tabIndex={0}
            type="button"
          >
            <span
              className="MuiButton-label"
            >
              <svg
                aria-hidden="true"
                className="MuiSvgIcon-root"
                focusable="false"
                role="presentation"
                viewBox="0 0 24 24"
              >
                <path
                  d="M19 13h-6v6h-2v-6H5v-2h6V5h2v6h6v2z"
                />
              </svg>
              Add to Wishlist
            </span>
          </button>
        </div>
      </div>
    </div>
    <div
      className="sc-bxivhb gNLXtS"
    >
      <form
        noValidate={true}
        onSubmit={[Function]}
      >
        <div
          className="MuiBox-root MuiBox-root-126"
        >
          <div
            className="MuiFormControl-root MuiTextField-root MuiFormControl-fullWidth"
          >
            <label
              className="MuiFormLabel-root MuiInputLabel-root MuiInputLabel-formControl MuiInputLabel-animated MuiInputLabel-outlined"
              data-shrink={false}
              htmlFor="body"
              id="body-label"
            >
              Type a comment
            </label>
            <div
              className="MuiInputBase-root MuiOutlinedInput-root MuiInputBase-fullWidth MuiInputBase-formControl"
              onClick={[Function]}
            >
              <input
                aria-invalid={false}
                autoFocus={false}
                className="MuiInputBase-input MuiOutlinedInput-input"
                disabled={false}
                id="body"
                onAnimationStart={[Function]}
                onBlur={[Function]}
                onChange={[Function]}
                onFocus={[Function]}
                required={false}
                type="text"
                value=""
              />
              <fieldset
                aria-hidden={true}
                className="PrivateNotchedOutline-root-187 MuiOutlinedInput-notchedOutline"
                style={
                  Object {
                    "paddingLeft": 8,
                  }
                }
              >
                <legend
                  className="PrivateNotchedOutline-legend-188"
                  style={
                    Object {
                      "width": 0.01,
                    }
                  }
                >
                  <span
                    dangerouslySetInnerHTML={
                      Object {
                        "__html": "&#8203;",
                      }
                    }
                  />
                </legend>
              </fieldset>
            </div>
          </div>
          <span
            aria-label={null}
            className="MuiRating-root"
            id="rating"
            onMouseLeave={[Function]}
            onMouseMove={[Function]}
            role={null}
          >
            <label
              className="MuiRating-label"
              htmlFor="rating-1"
            >
              <span
                className="MuiRating-icon MuiRating-iconFilled"
              >
                <svg
                  aria-hidden="true"
                  className="MuiSvgIcon-root MuiSvgIcon-fontSizeInherit"
                  focusable="false"
                  role="presentation"
                  viewBox="0 0 24 24"
                >
                  <path
                    d="M12 17.27L18.18 21l-1.64-7.03L22 9.24l-7.19-.61L12 2 9.19 8.63 2 9.24l5.46 4.73L5.82 21z"
                  />
                </svg>
              </span>
              <span
                className="MuiRating-visuallyhidden"
              >
                1 Star
              </span>
            </label>
            <input
              checked={false}
              className="MuiRating-visuallyhidden"
              id="rating-1"
              name="rating"
              onBlur={[Function]}
              onChange={[Function]}
              onFocus={[Function]}
              type="radio"
              value={1}
            />
            <label
              className="MuiRating-label"
              htmlFor="rating-2"
            >
              <span
                className="MuiRating-icon MuiRating-iconFilled"
              >
                <svg
                  aria-hidden="true"
                  className="MuiSvgIcon-root MuiSvgIcon-fontSizeInherit"
                  focusable="false"
                  role="presentation"
                  viewBox="0 0 24 24"
                >
                  <path
                    d="M12 17.27L18.18 21l-1.64-7.03L22 9.24l-7.19-.61L12 2 9.19 8.63 2 9.24l5.46 4.73L5.82 21z"
                  />
                </svg>
              </span>
              <span
                className="MuiRating-visuallyhidden"
              >
                2 Stars
              </span>
            </label>
            <input
              checked={false}
              className="MuiRating-visuallyhidden"
              id="rating-2"
              name="rating"
              onBlur={[Function]}
              onChange={[Function]}
              onFocus={[Function]}
              type="radio"
              value={2}
            />
            <label
              className="MuiRating-label"
              htmlFor="rating-3"
            >
              <span
                className="MuiRating-icon MuiRating-iconFilled"
              >
                <svg
                  aria-hidden="true"
                  className="MuiSvgIcon-root MuiSvgIcon-fontSizeInherit"
                  focusable="false"
                  role="presentation"
                  viewBox="0 0 24 24"
                >
                  <path
                    d="M12 17.27L18.18 21l-1.64-7.03L22 9.24l-7.19-.61L12 2 9.19 8.63 2 9.24l5.46 4.73L5.82 21z"
                  />
                </svg>
              </span>
              <span
                className="MuiRating-visuallyhidden"
              >
                3 Stars
              </span>
            </label>
            <input
              checked={false}
              className="MuiRating-visuallyhidden"
              id="rating-3"
              name="rating"
              onBlur={[Function]}
              onChange={[Function]}
              onFocus={[Function]}
              type="radio"
              value={3}
            />
            <label
              className="MuiRating-label"
              htmlFor="rating-4"
            >
              <span
                className="MuiRating-icon MuiRating-iconFilled"
              >
                <svg
                  aria-hidden="true"
                  className="MuiSvgIcon-root MuiSvgIcon-fontSizeInherit"
                  focusable="false"
                  role="presentation"
                  viewBox="0 0 24 24"
                >
                  <path
                    d="M12 17.27L18.18 21l-1.64-7.03L22 9.24l-7.19-.61L12 2 9.19 8.63 2 9.24l5.46 4.73L5.82 21z"
                  />
                </svg>
              </span>
              <span
                className="MuiRating-visuallyhidden"
              >
                4 Stars
              </span>
            </label>
            <input
              checked={false}
              className="MuiRating-visuallyhidden"
              id="rating-4"
              name="rating"
              onBlur={[Function]}
              onChange={[Function]}
              onFocus={[Function]}
              type="radio"
              value={4}
            />
            <label
              className="MuiRating-label"
              htmlFor="rating-5"
            >
              <span
                className="MuiRating-icon MuiRating-iconFilled"
              >
                <svg
                  aria-hidden="true"
                  className="MuiSvgIcon-root MuiSvgIcon-fontSizeInherit"
                  focusable="false"
                  role="presentation"
                  viewBox="0 0 24 24"
                >
                  <path
                    d="M12 17.27L18.18 21l-1.64-7.03L22 9.24l-7.19-.61L12 2 9.19 8.63 2 9.24l5.46 4.73L5.82 21z"
                  />
                </svg>
              </span>
              <span
                className="MuiRating-visuallyhidden"
              >
                5 Stars
              </span>
            </label>
            <input
              checked={true}
              className="MuiRating-visuallyhidden"
              id="rating-5"
              name="rating"
              onBlur={[Function]}
              onChange={[Function]}
              onFocus={[Function]}
              type="radio"
              value={5}
            />
          </span>
        </div>
        <button
          className="MuiButtonBase-root MuiButton-root MuiButton-contained MuiButton-containedPrimary"
          disabled={false}
          id="comment"
          onBlur={[Function]}
          onDragLeave={[Function]}
          onFocus={[Function]}
          onKeyDown={[Function]}
          onKeyUp={[Function]}
          onMouseDown={[Function]}
          onMouseLeave={[Function]}
          onMouseUp={[Function]}
          onTouchEnd={[Function]}
          onTouchMove={[Function]}
          onTouchStart={[Function]}
          tabIndex={0}
          type="submit"
        >
          <span
            className="MuiButton-label"
          >
            Comment
          </span>
        </button>
      </form>
      <div
        id="mockContainer"
      >
        mockContainer
      </div>
    </div>
  </div>
</div>
`;
