// Jest Snapshot v1, https://goo.gl/fbAQLP

exports[`ProductCard should render a ProductCard 1`] = `
<div>
  <div
    className="MuiPaper-root MuiPaper-elevation1 MuiCard-root MuiPaper-rounded"
  >
    <div
      className="MuiCardMedia-root"
    >
      <a
        href="/products/undefined"
        onClick={[Function]}
      >
        <img
          alt="product_image"
          src="https://via.placeholder.com/150"
        />
      </a>
    </div>
    <div
      className="MuiCardContent-root"
    >
      <h2
        className="MuiTypography-root MuiTypography-h5 MuiTypography-gutterBottom"
      />
      <p
        className="MuiTypography-root MuiTypography-body2 MuiTypography-colorTextSecondary"
      >
         
        <br />
        <br />
        not available
        <br />
      </p>
    </div>
    <div
      className="MuiCardActions-root MuiCardActions-spacing"
    >
      <a
        href="/products/undefined"
        onClick={[Function]}
      >
        <button
          className="MuiButtonBase-root MuiButton-root MuiButton-contained MuiButton-containedPrimary"
          disabled={false}
          onBlur={[Function]}
          onDragLeave={[Function]}
          onFocus={[Function]}
          onKeyDown={[Function]}
          onKeyUp={[Function]}
          onMouseDown={[Function]}
          onMouseLeave={[Function]}
          onMouseUp={[Function]}
          onTouchEnd={[Function]}
          onTouchMove={[Function]}
          onTouchStart={[Function]}
          tabIndex={0}
          type="button"
        >
          <span
            className="MuiButton-label"
          >
            Borrow
          </span>
        </button>
      </a>
    </div>
  </div>
</div>
`;
